<html>
<body>
<pre>
<h1>µVision Build Log</h1>
<h2>Tool Versions:</h2>
IDE-Version: µVision V5.37.0.0
Copyright (C) 2022 ARM Ltd and ARM Germany GmbH. All rights reserved.
License Information: shushanth shushanth, nagobaelectronics, LIC=----
 
Tool Versions:
Toolchain:       MDK-Lite  Version: 5.37.0.0
Toolchain Path:  C:\Keil_v5\ARM\ARMCLANG\Bin
C Compiler:      ArmClang.exe V6.18
Assembler:       Armasm.exe V6.18
Linker/Locator:  ArmLink.exe V6.18
Library Manager: ArmAr.exe V6.18
Hex Converter:   FromElf.exe V6.18
CPU DLL:         SARMCM3.DLL V5.37.0.0
Dialog DLL:      DARMCM1.DLL V1.19.6.0
Target DLL:      STLink\ST-LINKIII-KEIL_SWO.dll V3.0.9.0
Dialog DLL:      TARMCM1.DLL V1.14.6.0
 
<h2>Project:</h2>
C:\Users\admin\Desktop\HK32F030xMxxA_SDK_V1.0\Projects\HK32F030xMxxA_StdPeriph_Examples\USART\USART_TXEInterruptCOPY\MDK-ARM\Project.uvprojx
Project File Date:  02/26/2024

<h2>Output:</h2>
*** Using Compiler 'V6.18', folder: 'C:\Keil_v5\ARM\ARMCLANG\Bin'
Rebuild target 'Target 1'
assembling KEIL_Startup_hk32f030xmxxa.s...
compiling system_hk32f030xmxxa.c...
compiling hk32f030xmxxa_it.c...
compiling main.c...
compiling hk32f030xmxxa_dbgmcu.c...
compiling hk32f030xmxxa_flash.c...
compiling hk32f030xmxxa_exti.c...
compiling hk32f030xmxxa_gpio.c...
compiling hk32f030xmxxa_pwr.c...
compiling hk32f030xmxxa_misc.c...
compiling hk32f030xmxxa_rcc.c...
compiling hk32f030xmxxa_usart.c...
compiling hk32f030xmxxa_syscfg.c...
linking...
Program Size: Code=7086 RO-data=314 RW-data=160 ZI-data=1744  
".\Objects\Project.axf" - 0 Error(s), 0 Warning(s).

<h2>Software Packages used:</h2>

Package Vendor: HKMicroChip
                http://www.hsxp-hk.com/companyfile/2/HKMicroChip.HK32F030xMxx_DFP.1.0.17.pack
                HKMicroChip.HK32F030xMxx_DFP.1.0.17
                HKMicroChip HK32F030xMxx ARM Cortex-M0 Device Family Pack Device Support

<h2>Collection of Component include folders:</h2>

<h2>Collection of Component Files used:</h2>
Build Time Elapsed:  00:00:02
</pre>
</body>
</html>
